LIS3DSH.h:47:7:LIS3DSH::LIS3DSH()	16	static
main.cpp:70:6:void HAL_GPIO_EXTI_Callback(uint16_t)	16	static
main.cpp:78:6:void HAL_SPI_TxRxCpltCallback(SPI_HandleTypeDef*)	16	static
main.cpp:91:5:int main()	152	static
main.cpp:144:6:void SystemClock_Config()	88	static
main.cpp:188:13:void MX_SPI1_Init()	8	static
main.cpp:224:13:void MX_DMA_Init()	16	static
main.cpp:245:13:void MX_GPIO_Init()	48	static
main.cpp:296:6:void Error_Handler()	4	static,ignoring_inline_asm
main.cpp:305:1:void __static_initialization_and_destruction_0(int, int)	16	static
main.cpp:305:1:cpp)	8	static
